[html.bslthemes.com/onovo/index.html]
[backblue.gif]
[fade.gif]
[index.html]
[html.bslthemes.com/onovo/assets/css/vendors/bootstrap.css]
[html.bslthemes.com/onovo/assets/fonts/font-awesome/css/font-awesome.css]
[html.bslthemes.com/onovo/assets/css/vendors/magnific-popup.css]
[html.bslthemes.com/onovo/assets/css/vendors/splitting.css]
[html.bslthemes.com/onovo/assets/css/vendors/swiper.css]
[html.bslthemes.com/onovo/assets/css/vendors/animate.css]
[html.bslthemes.com/onovo/assets/css/vendors/jquery.pagepiling.css]
[html.bslthemes.com/onovo/assets/css/style.css]
[html.bslthemes.com/onovo/favicon.ico]
[html.bslthemes.com/onovo/index-2.html]
[html.bslthemes.com/onovo/assets/images/logo-black.png]
[html.bslthemes.com/onovo/assets/images/logo-main.png]
[html.bslthemes.com/onovo/home-digital-agency.html]
[html.bslthemes.com/onovo/home-showcase.html]
[html.bslthemes.com/onovo/home-parallax.html]
[html.bslthemes.com/onovo/about-us.html]
[html.bslthemes.com/onovo/team.html]
[html.bslthemes.com/onovo/team-detail.html]
[html.bslthemes.com/onovo/services.html]
[html.bslthemes.com/onovo/service-detail.html]
[html.bslthemes.com/onovo/pricing-plans.html]
[html.bslthemes.com/onovo/faq.html]
[html.bslthemes.com/onovo/projects.html]
[html.bslthemes.com/onovo/projects-list.html]
[html.bslthemes.com/onovo/projects-side.html]
[html.bslthemes.com/onovo/projects-masonry.html]
[html.bslthemes.com/onovo/projects-3-column.html]
[html.bslthemes.com/onovo/gallery.html]
[html.bslthemes.com/onovo/project-detail.html]
[html.bslthemes.com/onovo/blog.html]
[html.bslthemes.com/onovo/blog-list.html]
[html.bslthemes.com/onovo/blog-detail.html]
[html.bslthemes.com/onovo/contact-us.html]
[html.bslthemes.com/onovo/assets/images/stvideo.mp4]
[html.bslthemes.com/onovo/assets/images/title_icon.svg]
[html.bslthemes.com/onovo/assets/images/serv-icon1.png]
[html.bslthemes.com/onovo/assets/images/serv-icon2.png]
[html.bslthemes.com/onovo/assets/images/serv-icon3.png]
[html.bslthemes.com/onovo/assets/images/project-n01-3-1200x900.jpg]
[html.bslthemes.com/onovo/assets/images/project-2-2-1200x982.jpg]
[html.bslthemes.com/onovo/assets/images/project-2-1200x988.jpg]
[html.bslthemes.com/onovo/assets/images/project-4.jpg]
[html.bslthemes.com/onovo/assets/images/project-3-1200x750.jpg]
[html.bslthemes.com/onovo/facebook.com]
[html.bslthemes.com/onovo/linkedin.com]
[html.bslthemes.com/onovo/assets/images/team-2-t-min.png]
[html.bslthemes.com/onovo/assets/images/team-6-t-min.png]
[html.bslthemes.com/onovo/assets/images/team-1-t-min.png]
[html.bslthemes.com/onovo/assets/images/team-7-t-min.png]
[html.bslthemes.com/onovo/assets/images/posts1.jpg]
[html.bslthemes.com/onovo/assets/images/cta-bg-1.jpg]
[html.bslthemes.com/onovo/assets/images/cta-circle2.png]
[html.bslthemes.com/onovo/assets/images/posts3-1000x667.jpg]
[html.bslthemes.com/onovo/assets/images/post1-1000x667.jpg]
[html.bslthemes.com/onovo/assets/images/post4-1000x667.jpg]
[html.bslthemes.com/onovo/assets/images/brand1.png]
[html.bslthemes.com/onovo/assets/images/brand2.png]
[html.bslthemes.com/onovo/assets/images/brand3.png]
[html.bslthemes.com/onovo/assets/images/brand4.png]
[html.bslthemes.com/onovo/assets/images/brand5.png]
[html.bslthemes.com/onovo/assets/images/brand6.png]
[html.bslthemes.com/onovo/assets/images/brand7.png]
[html.bslthemes.com/onovo/assets/images/post5.jpg]
[html.bslthemes.com/onovo/assets/images/post5-1024x683.jpg]
[html.bslthemes.com/onovo/assets/images/post4.jpg]
[html.bslthemes.com/onovo/assets/images/post4-1024x683.jpg]
[html.bslthemes.com/onovo/assets/images/post3.jpg]
[html.bslthemes.com/onovo/assets/images/post3-1024x683.jpg]
[html.bslthemes.com/onovo/assets/images/post1.jpg]
[html.bslthemes.com/onovo/assets/images/post1-1024x683.jpg]
[html.bslthemes.com/onovo/assets/images/post6.jpg]
[html.bslthemes.com/onovo/assets/images/post6-1024x683.jpg]
[html.bslthemes.com/onovo/assets/js/jquery.min.js]
[html.bslthemes.com/onovo/assets/js/bootstrap.js]
[html.bslthemes.com/onovo/assets/js/swiper.js]
[html.bslthemes.com/onovo/assets/js/splitting.js]
[html.bslthemes.com/onovo/assets/js/scroll-out.js]
[html.bslthemes.com/onovo/assets/js/jquery.pagepiling.js]
[html.bslthemes.com/onovo/assets/js/jquery.easy_number_animate.js]
[html.bslthemes.com/onovo/assets/js/magnific-popup.js]
[html.bslthemes.com/onovo/assets/js/imagesloaded.pkgd.js]
[html.bslthemes.com/onovo/assets/js/isotope.pkgd.js]
[html.bslthemes.com/onovo/index.html]
[html.bslthemes.com/onovo/assets/css/vendors/bootstrap.css]
[html.bslthemes.com/onovo/assets/js/common.js]
[html.bslthemes.com/onovo/assets/fonts/font-awesome/webfonts/fa-brands-400.eot]
[html.bslthemes.com/onovo/assets/fonts/font-awesome/webfonts/fa-brands-400d41d.eot]
[html.bslthemes.com/onovo/assets/fonts/font-awesome/webfonts/fa-brands-400.woff2]
[html.bslthemes.com/onovo/assets/fonts/font-awesome/webfonts/fa-brands-400.woff]
[html.bslthemes.com/onovo/assets/fonts/font-awesome/webfonts/fa-brands-400.ttf]
[html.bslthemes.com/onovo/assets/fonts/font-awesome/webfonts/fa-regular-400.eot]
[html.bslthemes.com/onovo/assets/fonts/font-awesome/webfonts/fa-brands-400.svg]
[html.bslthemes.com/onovo/assets/fonts/font-awesome/webfonts/fa-regular-400d41d.eot]
[html.bslthemes.com/onovo/assets/fonts/font-awesome/webfonts/fa-regular-400.woff2]
[html.bslthemes.com/onovo/assets/fonts/font-awesome/webfonts/fa-regular-400.woff]
[html.bslthemes.com/onovo/assets/fonts/font-awesome/webfonts/fa-regular-400.ttf]
[html.bslthemes.com/onovo/assets/fonts/font-awesome/webfonts/fa-regular-400.svg]
[html.bslthemes.com/onovo/assets/fonts/font-awesome/webfonts/fa-solid-900.eot]
[html.bslthemes.com/onovo/assets/fonts/font-awesome/webfonts/fa-solid-900.woff2]
[html.bslthemes.com/onovo/assets/fonts/font-awesome/webfonts/fa-solid-900d41d.eot]
[html.bslthemes.com/onovo/assets/fonts/font-awesome/webfonts/fa-solid-900.woff]
[html.bslthemes.com/onovo/assets/fonts/font-awesome/webfonts/fa-solid-900.ttf]
[html.bslthemes.com/onovo/assets/fonts/font-awesome/css/font-awesome.css]
[html.bslthemes.com/onovo/assets/css/vendors/magnific-popup.css]
[html.bslthemes.com/onovo/assets/css/vendors/splitting.css]
[html.bslthemes.com/onovo/assets/css/vendors/swiper.css]
[html.bslthemes.com/onovo/assets/css/vendors/animate.css]
[html.bslthemes.com/onovo/assets/css/vendors/jquery.pagepiling.css]
[html.bslthemes.com/onovo/assets/images/quote.svg]
[html.bslthemes.com/onovo/assets/images/fline.svg]
[html.bslthemes.com/onovo/assets/fonts/font-awesome/webfonts/fa-solid-900.svg]
[html.bslthemes.com/onovo/assets/images/list.svg]
[html.bslthemes.com/onovo/assets/images/arrow.svg]
[html.bslthemes.com/onovo/assets/css/style.css]
[html.bslthemes.com/onovo/index-2.html]
[html.bslthemes.com/onovo/assets/images/arrow_2.svg]
[html.bslthemes.com/onovo/assets/images/hero-digital-1.jpg]
[html.bslthemes.com/onovo/assets/images/video-digital1.mp4]
[html.bslthemes.com/onovo/assets/images/posts4.jpg]
[html.bslthemes.com/onovo/assets/images/signature.png]
[html.bslthemes.com/onovo/assets/images/serv-icon4.png]
[html.bslthemes.com/onovo/assets/images/serv-icon5.png]
[html.bslthemes.com/onovo/assets/images/serv-icon6.png]
[html.bslthemes.com/onovo/assets/images/project-n01-3-1080x800.jpg]
[html.bslthemes.com/onovo/assets/images/project-3-1080x800.jpg]
[html.bslthemes.com/onovo/assets/images/project-4-1080x800.jpg]
[html.bslthemes.com/onovo/assets/images/project-2-2-1080x800.jpg]
[html.bslthemes.com/onovo/assets/images/project-2-1080x800.jpg]
[html.bslthemes.com/onovo/assets/images/project-1-1080x800.jpg]
[html.bslthemes.com/onovo/assets/images/project-8-1080x800.jpg]
[html.bslthemes.com/onovo/assets/images/project-5-1080x800.jpg]
[html.bslthemes.com/onovo/assets/images/team-2-1000x1357.jpg]
[html.bslthemes.com/onovo/assets/images/team-6-1000x1357.jpg]
[html.bslthemes.com/onovo/assets/images/team-1-1000x1357.jpg]
[html.bslthemes.com/onovo/assets/images/team-4-1000x1357.jpg]
[html.bslthemes.com/onovo/assets/images/team-7-1-1000x1357.jpg]
[html.bslthemes.com/onovo/assets/images/testi-bg.jpg]
[html.bslthemes.com/onovo/assets/images/post5-1000x667.jpg]
[html.bslthemes.com/onovo/assets/images/post6-1000x667.jpg]
[html.bslthemes.com/onovo/assets/images/post3-1000x667.jpg]
[html.bslthemes.com/onovo/assets/images/bg_map.jpg]
[html.bslthemes.com/onovo/home-digital-agency.html]
[html.bslthemes.com/onovo/assets/js/jquery.validate.min.js]
[html.bslthemes.com/onovo/assets/images/project-n01-2.jpg]
[html.bslthemes.com/onovo/assets/images/project-3.jpg]
[html.bslthemes.com/onovo/assets/images/project-2-2.jpg]
[html.bslthemes.com/onovo/assets/images/project-5.jpg]
[html.bslthemes.com/onovo/assets/images/project-2.jpg]
[html.bslthemes.com/onovo/assets/images/project-8.jpg]
[html.bslthemes.com/onovo/assets/images/project-1.jpg]
[html.bslthemes.com/onovo/assets/images/onovo-about-logo.png]
[html.bslthemes.com/onovo/assets/images/posts3.jpg]
[html.bslthemes.com/onovo/assets/images/posts2.jpg]
[html.bslthemes.com/onovo/home-showcase.html]
[html.bslthemes.com/onovo/assets/images/project-n01-3.jpg]
[html.bslthemes.com/onovo/assets/images/hero-27.jpg]
[html.bslthemes.com/onovo/assets/images/hero-p-2-1.jpg]
[html.bslthemes.com/onovo/home-parallax.html]
[html.bslthemes.com/onovo/assets/images/posts1-1024x683.jpg]
[html.bslthemes.com/onovo/assets/images/posts2-1024x683.jpg]
[html.bslthemes.com/onovo/assets/images/award1.png]
[html.bslthemes.com/onovo/assets/images/award2.png]
[html.bslthemes.com/onovo/assets/images/award3.png]
[html.bslthemes.com/onovo/about-us.html]
[html.bslthemes.com/onovo/assets/images/team-5-1000x1357.jpg]
[html.bslthemes.com/onovo/assets/images/team-7-1000x1357.jpg]
[html.bslthemes.com/onovo/team.html]
[html.bslthemes.com/onovo/assets/images/project-n01-3-1000x750.jpg]
[html.bslthemes.com/onovo/assets/images/project-3-1000x625.jpg]
[html.bslthemes.com/onovo/assets/images/project-4-1000x667.jpg]
[html.bslthemes.com/onovo/assets/images/project-2-1000x823.jpg]
[html.bslthemes.com/onovo/assets/images/project-1-1000x696.jpg]
[html.bslthemes.com/onovo/assets/images/project-8-1000x733.jpg]
[html.bslthemes.com/onovo/team-detail.html]
[html.bslthemes.com/onovo/services.html]
[html.bslthemes.com/onovo/assets/images/post2.jpg]
[html.bslthemes.com/onovo/service-detail.html]
[html.bslthemes.com/onovo/pricing-plans.html]
[html.bslthemes.com/onovo/faq.html]
[html.bslthemes.com/onovo/projects.html]
[html.bslthemes.com/onovo/projects-list.html]
[html.bslthemes.com/onovo/projects-side.html]
[html.bslthemes.com/onovo/projects-masonry.html]
[html.bslthemes.com/onovo/projects-3-column.html]
[html.bslthemes.com/onovo/gallery.html]
[html.bslthemes.com/onovo/assets/images/project-n01-2-1080x800.jpg]
[html.bslthemes.com/onovo/project-detail.html]
[html.bslthemes.com/onovo/blog-detail.png]
[html.bslthemes.com/onovo/blog.html]
[html.bslthemes.com/onovo/assets/images/posts3-150x150.jpg]
[html.bslthemes.com/onovo/assets/images/post1-150x150.jpg]
[html.bslthemes.com/onovo/assets/images/post4-150x150.jpg]
[html.bslthemes.com/onovo/blog-list.html]
[html.bslthemes.com/onovo/blog-detail.html]
[html.bslthemes.com/onovo/contact-us.html]
[html.bslthemes.com/onovo/assets/images/title_icon.svg]
[html.bslthemes.com/onovo/facebook.html]
[html.bslthemes.com/onovo/linkedin.html]
[html.bslthemes.com/onovo/assets/fonts/font-awesome/webfonts/fa-brands-400.svg]
[html.bslthemes.com/onovo/assets/fonts/font-awesome/webfonts/fa-regular-400.svg]
[html.bslthemes.com/onovo/assets/fonts/font-awesome/webfonts/fa-solid-900.svg]
[html.bslthemes.com/onovo/assets/images/quote.svg]
[html.bslthemes.com/onovo/assets/images/fline.svg]
[html.bslthemes.com/onovo/assets/images/list.svg]
[html.bslthemes.com/onovo/assets/images/arrow.svg]
[html.bslthemes.com/onovo/assets/images/arrow_2.svg]
[html.bslthemes.com/onovo/assets/images/project-n01-3-1000x750.html]
[html.bslthemes.com/onovo/assets/images/project-3-1000x625.html]
[html.bslthemes.com/onovo/assets/images/project-4-1000x667.html]
[html.bslthemes.com/onovo/assets/images/project-2-1000x823.html]
[html.bslthemes.com/onovo/assets/images/project-1-1000x696.html]
[html.bslthemes.com/onovo/assets/images/project-8-1000x733.html]
[html.bslthemes.com/onovo/blog-detail-2.html]
[html.bslthemes.com/onovo/assets/images/title_after.svg]
[html.bslthemes.com/onovo/assets/images/title_after.svg]
